2026-01-28T09:59:41.2060439Z Current runner version: '2.331.0'
2026-01-28T09:59:41.2083132Z ##[group]Runner Image Provisioner
2026-01-28T09:59:41.2084088Z Hosted Compute Agent
2026-01-28T09:59:41.2084616Z Version: 20260115.477
2026-01-28T09:59:41.2085212Z Commit: 4b342d620503cbe250a3154040964899ea7c9b00
2026-01-28T09:59:41.2085944Z Build Date: 2026-01-15T22:32:41Z
2026-01-28T09:59:41.2086633Z Worker ID: {d8ca2fab-08a2-47fe-9223-10ca4dae4bb2}
2026-01-28T09:59:41.2087281Z Azure Region: westus
2026-01-28T09:59:41.2087885Z ##[endgroup]
2026-01-28T09:59:41.2089912Z ##[group]Operating System
2026-01-28T09:59:41.2090536Z Ubuntu
2026-01-28T09:59:41.2091098Z 24.04.3
2026-01-28T09:59:41.2091542Z LTS
2026-01-28T09:59:41.2092011Z ##[endgroup]
2026-01-28T09:59:41.2092531Z ##[group]Runner Image
2026-01-28T09:59:41.2093141Z Image: ubuntu-24.04
2026-01-28T09:59:41.2093629Z Version: 20260119.4.1
2026-01-28T09:59:41.2094857Z Included Software: https://github.com/actions/runner-images/blob/ubuntu24/20260119.4/images/ubuntu/Ubuntu2404-Readme.md
2026-01-28T09:59:41.2096284Z Image Release: https://github.com/actions/runner-images/releases/tag/ubuntu24%2F20260119.4
2026-01-28T09:59:41.2097262Z ##[endgroup]
2026-01-28T09:59:41.2098309Z ##[group]GITHUB_TOKEN Permissions
2026-01-28T09:59:41.2100267Z Contents: read
2026-01-28T09:59:41.2100944Z Metadata: read
2026-01-28T09:59:41.2101439Z Packages: read
2026-01-28T09:59:41.2102008Z ##[endgroup]
2026-01-28T09:59:41.2104083Z Secret source: Actions
2026-01-28T09:59:41.2104753Z Prepare workflow directory
2026-01-28T09:59:41.2489308Z Prepare all required actions
2026-01-28T09:59:41.2527437Z Getting action download info
2026-01-28T09:59:41.7335699Z Download action repository 'actions/checkout@v4' (SHA:34e114876b0b11c390a56381ad16ebd13914f8d5)
2026-01-28T09:59:41.8571608Z Download action repository 'dtolnay/rust-toolchain@stable' (SHA:4be9e76fd7c4901c61fb841f559994984270fce7)
2026-01-28T09:59:42.4417900Z Complete job name: test
2026-01-28T09:59:42.5203884Z ##[group]Run actions/checkout@v4
2026-01-28T09:59:42.5205110Z with:
2026-01-28T09:59:42.5205892Z   repository: alphabench/raptorbt
2026-01-28T09:59:42.5207063Z   token: ***
2026-01-28T09:59:42.5207749Z   ssh-strict: true
2026-01-28T09:59:42.5208468Z   ssh-user: git
2026-01-28T09:59:42.5209493Z   persist-credentials: true
2026-01-28T09:59:42.5210362Z   clean: true
2026-01-28T09:59:42.5211091Z   sparse-checkout-cone-mode: true
2026-01-28T09:59:42.5211979Z   fetch-depth: 1
2026-01-28T09:59:42.5212688Z   fetch-tags: false
2026-01-28T09:59:42.5213406Z   show-progress: true
2026-01-28T09:59:42.5214146Z   lfs: false
2026-01-28T09:59:42.5214811Z   submodules: false
2026-01-28T09:59:42.5215548Z   set-safe-directory: true
2026-01-28T09:59:42.5216627Z env:
2026-01-28T09:59:42.5217290Z   CARGO_TERM_COLOR: always
2026-01-28T09:59:42.5218063Z ##[endgroup]
2026-01-28T09:59:42.6291250Z Syncing repository: alphabench/raptorbt
2026-01-28T09:59:42.6293993Z ##[group]Getting Git version info
2026-01-28T09:59:42.6295306Z Working directory is '/home/runner/work/raptorbt/raptorbt'
2026-01-28T09:59:42.6297052Z [command]/usr/bin/git version
2026-01-28T09:59:42.6383516Z git version 2.52.0
2026-01-28T09:59:42.6411389Z ##[endgroup]
2026-01-28T09:59:42.6427358Z Temporarily overriding HOME='/home/runner/work/_temp/ccbe0f0d-9f39-4734-9e3e-3a1e083c013e' before making global git config changes
2026-01-28T09:59:42.6432254Z Adding repository directory to the temporary git global config as a safe directory
2026-01-28T09:59:42.6435913Z [command]/usr/bin/git config --global --add safe.directory /home/runner/work/raptorbt/raptorbt
2026-01-28T09:59:42.6474149Z Deleting the contents of '/home/runner/work/raptorbt/raptorbt'
2026-01-28T09:59:42.6477739Z ##[group]Initializing the repository
2026-01-28T09:59:42.6482943Z [command]/usr/bin/git init /home/runner/work/raptorbt/raptorbt
2026-01-28T09:59:42.6623291Z hint: Using 'master' as the name for the initial branch. This default branch name
2026-01-28T09:59:42.6625307Z hint: will change to "main" in Git 3.0. To configure the initial branch name
2026-01-28T09:59:42.6627428Z hint: to use in all of your new repositories, which will suppress this warning,
2026-01-28T09:59:42.6629814Z hint: call:
2026-01-28T09:59:42.6630964Z hint:
2026-01-28T09:59:42.6632503Z hint: 	git config --global init.defaultBranch <name>
2026-01-28T09:59:42.6634439Z hint:
2026-01-28T09:59:42.6636192Z hint: Names commonly chosen instead of 'master' are 'main', 'trunk' and
2026-01-28T09:59:42.6639387Z hint: 'development'. The just-created branch can be renamed via this command:
2026-01-28T09:59:42.6641808Z hint:
2026-01-28T09:59:42.6642980Z hint: 	git branch -m <name>
2026-01-28T09:59:42.6644344Z hint:
2026-01-28T09:59:42.6646226Z hint: Disable this message with "git config set advice.defaultBranchName false"
2026-01-28T09:59:42.6648888Z Initialized empty Git repository in /home/runner/work/raptorbt/raptorbt/.git/
2026-01-28T09:59:42.6652028Z [command]/usr/bin/git remote add origin https://github.com/alphabench/raptorbt
2026-01-28T09:59:42.6678101Z ##[endgroup]
2026-01-28T09:59:42.6680532Z ##[group]Disabling automatic garbage collection
2026-01-28T09:59:42.6682641Z [command]/usr/bin/git config --local gc.auto 0
2026-01-28T09:59:42.6711623Z ##[endgroup]
2026-01-28T09:59:42.6713689Z ##[group]Setting up auth
2026-01-28T09:59:42.6719554Z [command]/usr/bin/git config --local --name-only --get-regexp core\.sshCommand
2026-01-28T09:59:42.6751940Z [command]/usr/bin/git submodule foreach --recursive sh -c "git config --local --name-only --get-regexp 'core\.sshCommand' && git config --local --unset-all 'core.sshCommand' || :"
2026-01-28T09:59:42.7128210Z [command]/usr/bin/git config --local --name-only --get-regexp http\.https\:\/\/github\.com\/\.extraheader
2026-01-28T09:59:42.7158434Z [command]/usr/bin/git submodule foreach --recursive sh -c "git config --local --name-only --get-regexp 'http\.https\:\/\/github\.com\/\.extraheader' && git config --local --unset-all 'http.https://github.com/.extraheader' || :"
2026-01-28T09:59:42.7375105Z [command]/usr/bin/git config --local --name-only --get-regexp ^includeIf\.gitdir:
2026-01-28T09:59:42.7413306Z [command]/usr/bin/git submodule foreach --recursive git config --local --show-origin --name-only --get-regexp remote.origin.url
2026-01-28T09:59:42.7632508Z [command]/usr/bin/git config --local http.https://github.com/.extraheader AUTHORIZATION: basic ***
2026-01-28T09:59:42.7666274Z ##[endgroup]
2026-01-28T09:59:42.7668442Z ##[group]Fetching the repository
2026-01-28T09:59:42.7677820Z [command]/usr/bin/git -c protocol.version=2 fetch --no-tags --prune --no-recurse-submodules --depth=1 origin +2c952eb3deff040983143f84b93a375bd0406344:refs/remotes/pull/1/merge
2026-01-28T09:59:43.2448622Z From https://github.com/alphabench/raptorbt
2026-01-28T09:59:43.2450553Z  * [new ref]         2c952eb3deff040983143f84b93a375bd0406344 -> pull/1/merge
2026-01-28T09:59:43.2482404Z ##[endgroup]
2026-01-28T09:59:43.2484330Z ##[group]Determining the checkout info
2026-01-28T09:59:43.2486464Z ##[endgroup]
2026-01-28T09:59:43.2487967Z [command]/usr/bin/git sparse-checkout disable
2026-01-28T09:59:43.2528828Z [command]/usr/bin/git config --local --unset-all extensions.worktreeConfig
2026-01-28T09:59:43.2553945Z ##[group]Checking out the ref
2026-01-28T09:59:43.2556882Z [command]/usr/bin/git checkout --progress --force refs/remotes/pull/1/merge
2026-01-28T09:59:43.2692822Z Note: switching to 'refs/remotes/pull/1/merge'.
2026-01-28T09:59:43.2694145Z 
2026-01-28T09:59:43.2695262Z You are in 'detached HEAD' state. You can look around, make experimental
2026-01-28T09:59:43.2697888Z changes and commit them, and you can discard any commits you make in this
2026-01-28T09:59:43.2699795Z state without impacting any branches by switching back to a branch.
2026-01-28T09:59:43.2700840Z 
2026-01-28T09:59:43.2701848Z If you want to create a new branch to retain commits you create, you may
2026-01-28T09:59:43.2703584Z do so (now or later) by using -c with the switch command. Example:
2026-01-28T09:59:43.2704472Z 
2026-01-28T09:59:43.2704861Z   git switch -c <new-branch-name>
2026-01-28T09:59:43.2705657Z 
2026-01-28T09:59:43.2706237Z Or undo this operation with:
2026-01-28T09:59:43.2706805Z 
2026-01-28T09:59:43.2707119Z   git switch -
2026-01-28T09:59:43.2707569Z 
2026-01-28T09:59:43.2708292Z Turn off this advice by setting config variable advice.detachedHead to false
2026-01-28T09:59:43.2709617Z 
2026-01-28T09:59:43.2710840Z HEAD is now at 2c952eb Merge 2dd44f37187e9f8bf8ed87b266573de86633e720 into e6476b771f688123d0406f1011a0ba627524e3a6
2026-01-28T09:59:43.2714390Z ##[endgroup]
2026-01-28T09:59:43.2737030Z [command]/usr/bin/git log -1 --format=%H
2026-01-28T09:59:43.2758368Z 2c952eb3deff040983143f84b93a375bd0406344
2026-01-28T09:59:43.3267161Z ##[group]Run dtolnay/rust-toolchain@stable
2026-01-28T09:59:43.3268272Z with:
2026-01-28T09:59:43.3269000Z   toolchain: stable
2026-01-28T09:59:43.3269925Z env:
2026-01-28T09:59:43.3270626Z   CARGO_TERM_COLOR: always
2026-01-28T09:59:43.3271474Z ##[endgroup]
2026-01-28T09:59:43.3418324Z ##[group]Run : parse toolchain version
2026-01-28T09:59:43.3419900Z [36;1m: parse toolchain version[0m
2026-01-28T09:59:43.3421362Z [36;1mif [[ -z $toolchain ]]; then[0m
2026-01-28T09:59:43.3423234Z [36;1m  # GitHub does not enforce `required: true` inputs itself. https://github.com/actions/runner/issues/1070[0m
2026-01-28T09:59:43.3426172Z [36;1m  echo "'toolchain' is a required input" >&2[0m
2026-01-28T09:59:43.3427296Z [36;1m  exit 1[0m
2026-01-28T09:59:43.3428465Z [36;1melif [[ $toolchain =~ ^stable' '[0-9]+' '(year|month|week|day)s?' 'ago$ ]]; then[0m
2026-01-28T09:59:43.3430158Z [36;1m  if [[ Linux == macOS ]]; then[0m
2026-01-28T09:59:43.3431999Z [36;1m    echo "toolchain=1.$((($(date -v-$(sed 's/stable \([0-9]*\) \(.\).*/\1\2/' <<< $toolchain) +%s)/60/60/24-16569)/7/6))" >> $GITHUB_OUTPUT[0m
2026-01-28T09:59:43.3434235Z [36;1m  else[0m
2026-01-28T09:59:43.3435656Z [36;1m    echo "toolchain=1.$((($(date --date "${toolchain#stable }" +%s)/60/60/24-16569)/7/6))" >> $GITHUB_OUTPUT[0m
2026-01-28T09:59:43.3437260Z [36;1m  fi[0m
2026-01-28T09:59:43.3438300Z [36;1melif [[ $toolchain =~ ^stable' 'minus' '[0-9]+' 'releases?$ ]]; then[0m
2026-01-28T09:59:43.3440388Z [36;1m  echo "toolchain=1.$((($(date +%s)/60/60/24-16569)/7/6-${toolchain//[^0-9]/}))" >> $GITHUB_OUTPUT[0m
2026-01-28T09:59:43.3442002Z [36;1melif [[ $toolchain =~ ^1\.[0-9]+$ ]]; then[0m
2026-01-28T09:59:43.3443818Z [36;1m  echo "toolchain=1.$((i=${toolchain#1.}, c=($(date +%s)/60/60/24-16569)/7/6, i+9*i*(10*i<=c)+90*i*(100*i<=c)))" >> $GITHUB_OUTPUT[0m
2026-01-28T09:59:43.3445553Z [36;1melse[0m
2026-01-28T09:59:43.3446429Z [36;1m  echo "toolchain=$toolchain" >> $GITHUB_OUTPUT[0m
2026-01-28T09:59:43.3447506Z [36;1mfi[0m
2026-01-28T09:59:43.3484335Z shell: /usr/bin/bash --noprofile --norc -e -o pipefail {0}
2026-01-28T09:59:43.3485555Z env:
2026-01-28T09:59:43.3486217Z   CARGO_TERM_COLOR: always
2026-01-28T09:59:43.3487030Z   toolchain: stable
2026-01-28T09:59:43.3487756Z ##[endgroup]
2026-01-28T09:59:43.3729718Z ##[group]Run : construct rustup command line
2026-01-28T09:59:43.3730846Z [36;1m: construct rustup command line[0m
2026-01-28T09:59:43.3732387Z [36;1mecho "targets=$(for t in ${targets//,/ }; do echo -n ' --target' $t; done)" >> $GITHUB_OUTPUT[0m
2026-01-28T09:59:43.3734529Z [36;1mecho "components=$(for c in ${components//,/ }; do echo -n ' --component' $c; done)" >> $GITHUB_OUTPUT[0m
2026-01-28T09:59:43.3736214Z [36;1mecho "downgrade=" >> $GITHUB_OUTPUT[0m
2026-01-28T09:59:43.3767432Z shell: /usr/bin/bash --noprofile --norc -e -o pipefail {0}
2026-01-28T09:59:43.3768564Z env:
2026-01-28T09:59:43.3769454Z   CARGO_TERM_COLOR: always
2026-01-28T09:59:43.3770266Z   targets: 
2026-01-28T09:59:43.3770953Z   components: 
2026-01-28T09:59:43.3771642Z ##[endgroup]
2026-01-28T09:59:43.3885245Z ##[group]Run : set $CARGO_HOME
2026-01-28T09:59:43.3886112Z [36;1m: set $CARGO_HOME[0m
2026-01-28T09:59:43.3887233Z [36;1mecho CARGO_HOME=${CARGO_HOME:-"$HOME/.cargo"} >> $GITHUB_ENV[0m
2026-01-28T09:59:43.3918102Z shell: /usr/bin/bash --noprofile --norc -e -o pipefail {0}
2026-01-28T09:59:43.3919495Z env:
2026-01-28T09:59:43.3920367Z   CARGO_TERM_COLOR: always
2026-01-28T09:59:43.3921170Z ##[endgroup]
2026-01-28T09:59:43.4032508Z ##[group]Run : install rustup if needed
2026-01-28T09:59:43.4033505Z [36;1m: install rustup if needed[0m
2026-01-28T09:59:43.4034541Z [36;1mif ! command -v rustup &>/dev/null; then[0m
2026-01-28T09:59:43.4036955Z [36;1m  curl --proto '=https' --tlsv1.2 --retry 10 --retry-connrefused --location --silent --show-error --fail https://sh.rustup.rs | sh -s -- --default-toolchain none -y[0m
2026-01-28T09:59:43.4039600Z [36;1m  echo "$CARGO_HOME/bin" >> $GITHUB_PATH[0m
2026-01-28T09:59:43.4040807Z [36;1mfi[0m
2026-01-28T09:59:43.4070919Z shell: /usr/bin/bash --noprofile --norc -e -o pipefail {0}
2026-01-28T09:59:43.4072040Z env:
2026-01-28T09:59:43.4072686Z   CARGO_TERM_COLOR: always
2026-01-28T09:59:43.4073522Z   CARGO_HOME: /home/runner/.cargo
2026-01-28T09:59:43.4074378Z ##[endgroup]
2026-01-28T09:59:43.4189048Z ##[group]Run rustup toolchain install stable --profile minimal --no-self-update
2026-01-28T09:59:43.4191063Z [36;1mrustup toolchain install stable --profile minimal --no-self-update[0m
2026-01-28T09:59:43.4221633Z shell: /usr/bin/bash --noprofile --norc -e -o pipefail {0}
2026-01-28T09:59:43.4222751Z env:
2026-01-28T09:59:43.4223410Z   CARGO_TERM_COLOR: always
2026-01-28T09:59:43.4224247Z   CARGO_HOME: /home/runner/.cargo
2026-01-28T09:59:43.4225228Z   RUSTUP_PERMIT_COPY_RENAME: 1
2026-01-28T09:59:43.4226069Z ##[endgroup]
2026-01-28T09:59:43.7420026Z info: syncing channel updates for 'stable-x86_64-unknown-linux-gnu'
2026-01-28T09:59:43.8670906Z info: latest update on 2026-01-22, rust version 1.93.0 (254b59607 2026-01-19)
2026-01-28T09:59:43.9037681Z info: downloading component 'clippy'
2026-01-28T09:59:43.9407189Z info: downloading component 'rustfmt'
2026-01-28T09:59:43.9616905Z info: downloading component 'cargo'
2026-01-28T09:59:44.0220017Z info: downloading component 'rust-std'
2026-01-28T09:59:44.1775775Z info: downloading component 'rustc'
2026-01-28T09:59:44.6353371Z info: removing previous version of component 'clippy'
2026-01-28T09:59:44.6380305Z info: removing previous version of component 'rustfmt'
2026-01-28T09:59:44.6394683Z info: removing previous version of component 'cargo'
2026-01-28T09:59:44.6494241Z info: removing previous version of component 'rust-std'
2026-01-28T09:59:44.6526601Z info: removing previous version of component 'rustc'
2026-01-28T09:59:44.6585349Z info: installing component 'clippy'
2026-01-28T09:59:45.0368093Z info: installing component 'rustfmt'
2026-01-28T09:59:45.2679692Z info: installing component 'cargo'
2026-01-28T09:59:45.9683651Z info: installing component 'rust-std'
2026-01-28T09:59:47.8646410Z info: installing component 'rustc'
2026-01-28T09:59:52.4155863Z 
2026-01-28T09:59:52.4260380Z   stable-x86_64-unknown-linux-gnu updated - rustc 1.93.0 (254b59607 2026-01-19) (from rustc 1.92.0 (ded5c06cf 2025-12-08))
2026-01-28T09:59:52.4261186Z 
2026-01-28T09:59:52.4326928Z ##[group]Run rustup default stable
2026-01-28T09:59:52.4327215Z [36;1mrustup default stable[0m
2026-01-28T09:59:52.4360388Z shell: /usr/bin/bash --noprofile --norc -e -o pipefail {0}
2026-01-28T09:59:52.4360728Z env:
2026-01-28T09:59:52.4360915Z   CARGO_TERM_COLOR: always
2026-01-28T09:59:52.4361144Z   CARGO_HOME: /home/runner/.cargo
2026-01-28T09:59:52.4361372Z ##[endgroup]
2026-01-28T09:59:52.4463673Z info: using existing install for 'stable-x86_64-unknown-linux-gnu'
2026-01-28T09:59:52.4751387Z info: default toolchain set to 'stable-x86_64-unknown-linux-gnu'
2026-01-28T09:59:52.4751718Z 
2026-01-28T09:59:52.4835645Z   stable-x86_64-unknown-linux-gnu unchanged - rustc 1.93.0 (254b59607 2026-01-19)
2026-01-28T09:59:52.4836342Z 
2026-01-28T09:59:52.4887920Z ##[group]Run : create cachekey
2026-01-28T09:59:52.4888202Z [36;1m: create cachekey[0m
2026-01-28T09:59:52.4888695Z [36;1mDATE=$(rustc +stable --version --verbose | sed -ne 's/^commit-date: \(20[0-9][0-9]\)-\([01][0-9]\)-\([0-3][0-9]\)$/\1\2\3/p')[0m
2026-01-28T09:59:52.4889708Z [36;1mHASH=$(rustc +stable --version --verbose | sed -ne 's/^commit-hash: //p')[0m
2026-01-28T09:59:52.4890487Z [36;1mecho "cachekey=$(echo $DATE$HASH | head -c12)" >> $GITHUB_OUTPUT[0m
2026-01-28T09:59:52.4922990Z shell: /usr/bin/bash --noprofile --norc -e -o pipefail {0}
2026-01-28T09:59:52.4923315Z env:
2026-01-28T09:59:52.4923499Z   CARGO_TERM_COLOR: always
2026-01-28T09:59:52.4923728Z   CARGO_HOME: /home/runner/.cargo
2026-01-28T09:59:52.4923961Z ##[endgroup]
2026-01-28T09:59:52.5309479Z ##[group]Run : disable incremental compilation
2026-01-28T09:59:52.5309852Z [36;1m: disable incremental compilation[0m
2026-01-28T09:59:52.5310375Z [36;1mif [ -z "${CARGO_INCREMENTAL+set}" ]; then[0m
2026-01-28T09:59:52.5310714Z [36;1m  echo CARGO_INCREMENTAL=0 >> $GITHUB_ENV[0m
2026-01-28T09:59:52.5310981Z [36;1mfi[0m
2026-01-28T09:59:52.5344125Z shell: /usr/bin/bash --noprofile --norc -e -o pipefail {0}
2026-01-28T09:59:52.5344452Z env:
2026-01-28T09:59:52.5344634Z   CARGO_TERM_COLOR: always
2026-01-28T09:59:52.5344862Z   CARGO_HOME: /home/runner/.cargo
2026-01-28T09:59:52.5345108Z ##[endgroup]
2026-01-28T09:59:52.5421545Z ##[group]Run : enable colors in Cargo output
2026-01-28T09:59:52.5421854Z [36;1m: enable colors in Cargo output[0m
2026-01-28T09:59:52.5422161Z [36;1mif [ -z "${CARGO_TERM_COLOR+set}" ]; then[0m
2026-01-28T09:59:52.5422494Z [36;1m  echo CARGO_TERM_COLOR=always >> $GITHUB_ENV[0m
2026-01-28T09:59:52.5422760Z [36;1mfi[0m
2026-01-28T09:59:52.5453299Z shell: /usr/bin/bash --noprofile --norc -e -o pipefail {0}
2026-01-28T09:59:52.5453625Z env:
2026-01-28T09:59:52.5453798Z   CARGO_TERM_COLOR: always
2026-01-28T09:59:52.5454041Z   CARGO_HOME: /home/runner/.cargo
2026-01-28T09:59:52.5454273Z   CARGO_INCREMENTAL: 0
2026-01-28T09:59:52.5454472Z ##[endgroup]
2026-01-28T09:59:52.5531502Z ##[group]Run : enable Cargo sparse registry
2026-01-28T09:59:52.5531816Z [36;1m: enable Cargo sparse registry[0m
2026-01-28T09:59:52.5532160Z [36;1m# implemented in 1.66, stabilized in 1.68, made default in 1.70[0m
2026-01-28T09:59:52.5532847Z [36;1mif [ -z "${CARGO_REGISTRIES_CRATES_IO_PROTOCOL+set}" -o -f "/home/runner/work/_temp"/.implicit_cargo_registries_crates_io_protocol ]; then[0m
2026-01-28T09:59:52.5533565Z [36;1m  if rustc +stable --version --verbose | grep -q '^release: 1\.6[89]\.'; then[0m
2026-01-28T09:59:52.5534104Z [36;1m    touch "/home/runner/work/_temp"/.implicit_cargo_registries_crates_io_protocol || true[0m
2026-01-28T09:59:52.5534619Z [36;1m    echo CARGO_REGISTRIES_CRATES_IO_PROTOCOL=sparse >> $GITHUB_ENV[0m
2026-01-28T09:59:52.5535093Z [36;1m  elif rustc +stable --version --verbose | grep -q '^release: 1\.6[67]\.'; then[0m
2026-01-28T09:59:52.5535644Z [36;1m    touch "/home/runner/work/_temp"/.implicit_cargo_registries_crates_io_protocol || true[0m
2026-01-28T09:59:52.5536139Z [36;1m    echo CARGO_REGISTRIES_CRATES_IO_PROTOCOL=git >> $GITHUB_ENV[0m
2026-01-28T09:59:52.5536469Z [36;1m  fi[0m
2026-01-28T09:59:52.5536648Z [36;1mfi[0m
2026-01-28T09:59:52.5567194Z shell: /usr/bin/bash --noprofile --norc -e -o pipefail {0}
2026-01-28T09:59:52.5567530Z env:
2026-01-28T09:59:52.5567703Z   CARGO_TERM_COLOR: always
2026-01-28T09:59:52.5567936Z   CARGO_HOME: /home/runner/.cargo
2026-01-28T09:59:52.5568173Z   CARGO_INCREMENTAL: 0
2026-01-28T09:59:52.5568365Z ##[endgroup]
2026-01-28T09:59:52.5931760Z ##[group]Run : work around spurious network errors in curl 8.0
2026-01-28T09:59:52.5932187Z [36;1m: work around spurious network errors in curl 8.0[0m
2026-01-28T09:59:52.5932724Z [36;1m# https://rust-lang.zulipchat.com/#narrow/stream/246057-t-cargo/topic/timeout.20investigation[0m
2026-01-28T09:59:52.5933331Z [36;1mif rustc +stable --version --verbose | grep -q '^release: 1\.7[01]\.'; then[0m
2026-01-28T09:59:52.5933778Z [36;1m  echo CARGO_HTTP_MULTIPLEXING=false >> $GITHUB_ENV[0m
2026-01-28T09:59:52.5934065Z [36;1mfi[0m
2026-01-28T09:59:52.5968052Z shell: /usr/bin/bash --noprofile --norc -e -o pipefail {0}
2026-01-28T09:59:52.5968381Z env:
2026-01-28T09:59:52.5968566Z   CARGO_TERM_COLOR: always
2026-01-28T09:59:52.5968795Z   CARGO_HOME: /home/runner/.cargo
2026-01-28T09:59:52.5969421Z   CARGO_INCREMENTAL: 0
2026-01-28T09:59:52.5969627Z ##[endgroup]
2026-01-28T09:59:52.6215589Z ##[group]Run rustc +stable --version --verbose
2026-01-28T09:59:52.6215939Z [36;1mrustc +stable --version --verbose[0m
2026-01-28T09:59:52.6248935Z shell: /usr/bin/bash --noprofile --norc -e -o pipefail {0}
2026-01-28T09:59:52.6249502Z env:
2026-01-28T09:59:52.6249683Z   CARGO_TERM_COLOR: always
2026-01-28T09:59:52.6249918Z   CARGO_HOME: /home/runner/.cargo
2026-01-28T09:59:52.6250145Z   CARGO_INCREMENTAL: 0
2026-01-28T09:59:52.6250343Z ##[endgroup]
2026-01-28T09:59:52.6422067Z rustc 1.93.0 (254b59607 2026-01-19)
2026-01-28T09:59:52.6422680Z binary: rustc
2026-01-28T09:59:52.6423193Z commit-hash: 254b59607d4417e9dffbc307138ae5c86280fe4c
2026-01-28T09:59:52.6423831Z commit-date: 2026-01-19
2026-01-28T09:59:52.6424187Z host: x86_64-unknown-linux-gnu
2026-01-28T09:59:52.6424577Z release: 1.93.0
2026-01-28T09:59:52.6424922Z LLVM version: 21.1.8
2026-01-28T09:59:52.6506870Z ##[group]Run cargo test --all-features
2026-01-28T09:59:52.6507192Z [36;1mcargo test --all-features[0m
2026-01-28T09:59:52.6541254Z shell: /usr/bin/bash -e {0}
2026-01-28T09:59:52.6541493Z env:
2026-01-28T09:59:52.6541667Z   CARGO_TERM_COLOR: always
2026-01-28T09:59:52.6541904Z   CARGO_HOME: /home/runner/.cargo
2026-01-28T09:59:52.6542142Z   CARGO_INCREMENTAL: 0
2026-01-28T09:59:52.6542341Z ##[endgroup]
2026-01-28T09:59:52.7247964Z [1m[92m    Updating[0m crates.io index
2026-01-28T09:59:53.0263927Z [1m[92m Downloading[0m crates ...
2026-01-28T09:59:53.0581883Z [1m[92m  Downloaded[0m cast v0.3.0
2026-01-28T09:59:53.0614971Z [1m[92m  Downloaded[0m ciborium-io v0.2.2
2026-01-28T09:59:53.0624247Z [1m[92m  Downloaded[0m ciborium v0.2.2
2026-01-28T09:59:53.0652882Z [1m[92m  Downloaded[0m ciborium-ll v0.2.2
2026-01-28T09:59:53.0669055Z [1m[92m  Downloaded[0m anes v0.1.6
2026-01-28T09:59:53.0698419Z [1m[92m  Downloaded[0m clap_builder v4.5.54
2026-01-28T09:59:53.0776824Z [1m[92m  Downloaded[0m plotters-backend v0.3.7
2026-01-28T09:59:53.0789934Z [1m[92m  Downloaded[0m pyo3-macros-backend v0.20.3
2026-01-28T09:59:53.0813613Z [1m[92m  Downloaded[0m parking_lot_core v0.9.12
2026-01-28T09:59:53.0842072Z [1m[92m  Downloaded[0m quote v1.0.44
2026-01-28T09:59:53.0872214Z [1m[92m  Downloaded[0m scopeguard v1.2.0
2026-01-28T09:59:53.0884595Z [1m[92m  Downloaded[0m rustc-hash v1.1.0
2026-01-28T09:59:53.0894371Z [1m[92m  Downloaded[0m rawpointer v0.2.1
2026-01-28T09:59:53.0904505Z [1m[92m  Downloaded[0m numpy v0.20.0
2026-01-28T09:59:53.0947828Z [1m[92m  Downloaded[0m zmij v1.0.17
2026-01-28T09:59:53.0974139Z [1m[92m  Downloaded[0m thiserror v1.0.69
2026-01-28T09:59:53.1033468Z [1m[92m  Downloaded[0m unicode-ident v1.0.22
2026-01-28T09:59:53.1065401Z [1m[92m  Downloaded[0m smallvec v1.15.1
2026-01-28T09:59:53.1089810Z [1m[92m  Downloaded[0m serde v1.0.228
2026-01-28T09:59:53.1126031Z [1m[92m  Downloaded[0m zerocopy-derive v0.8.34
2026-01-28T09:59:53.1219745Z [1m[92m  Downloaded[0m itertools v0.10.5
2026-01-28T09:59:53.1284295Z [1m[92m  Downloaded[0m regex v1.12.2
2026-01-28T09:59:53.1348656Z [1m[92m  Downloaded[0m plotters v0.3.7
2026-01-28T09:59:53.1442492Z [1m[92m  Downloaded[0m serde_json v1.0.149
2026-01-28T09:59:53.1513410Z [1m[92m  Downloaded[0m rayon v1.11.0
2026-01-28T09:59:53.1606882Z [1m[92m  Downloaded[0m portable-atomic v1.13.0
2026-01-28T09:59:53.1676511Z [1m[92m  Downloaded[0m zerocopy v0.8.34
2026-01-28T09:59:53.1937655Z [1m[92m  Downloaded[0m ndarray v0.15.6
2026-01-28T09:59:53.2062938Z [1m[92m  Downloaded[0m syn v2.0.114
2026-01-28T09:59:53.2167790Z [1m[92m  Downloaded[0m criterion v0.5.1
2026-01-28T09:59:53.2238872Z [1m[92m  Downloaded[0m rayon-core v1.13.0
2026-01-28T09:59:53.2275772Z [1m[92m  Downloaded[0m proc-macro2 v1.0.106
2026-01-28T09:59:53.2304474Z [1m[92m  Downloaded[0m memchr v2.7.6
2026-01-28T09:59:53.2358100Z [1m[92m  Downloaded[0m regex-syntax v0.8.8
2026-01-28T09:59:53.2425456Z [1m[92m  Downloaded[0m serde_derive v1.0.228
2026-01-28T09:59:53.2455569Z [1m[92m  Downloaded[0m serde_core v1.0.228
2026-01-28T09:59:53.2482494Z [1m[92m  Downloaded[0m pyo3 v0.20.3
2026-01-28T09:59:53.2660347Z [1m[92m  Downloaded[0m once_cell v1.21.3
2026-01-28T09:59:53.2684811Z [1m[92m  Downloaded[0m matrixmultiply v0.3.10
2026-01-28T09:59:53.2720568Z [1m[92m  Downloaded[0m either v1.15.0
2026-01-28T09:59:53.2734353Z [1m[92m  Downloaded[0m same-file v1.0.6
2026-01-28T09:59:53.2749001Z [1m[92m  Downloaded[0m rustversion v1.0.22
2026-01-28T09:59:53.2776409Z [1m[92m  Downloaded[0m pyo3-ffi v0.20.3
2026-01-28T09:59:53.2834270Z [1m[92m  Downloaded[0m plotters-svg v0.3.7
2026-01-28T09:59:53.2842092Z [1m[92m  Downloaded[0m num-integer v0.1.46
2026-01-28T09:59:53.2862620Z [1m[92m  Downloaded[0m heck v0.4.1
2026-01-28T09:59:53.2875100Z [1m[92m  Downloaded[0m walkdir v2.5.0
2026-01-28T09:59:53.2893236Z [1m[92m  Downloaded[0m unindent v0.2.4
2026-01-28T09:59:53.2902579Z [1m[92m  Downloaded[0m regex-automata v0.4.13
2026-01-28T09:59:53.3050713Z [1m[92m  Downloaded[0m tinytemplate v1.2.1
2026-01-28T09:59:53.3067670Z [1m[92m  Downloaded[0m thiserror-impl v1.0.69
2026-01-28T09:59:53.3081107Z [1m[92m  Downloaded[0m target-lexicon v0.12.16
2026-01-28T09:59:53.3102218Z [1m[92m  Downloaded[0m pyo3-macros v0.20.3
2026-01-28T09:59:53.3109960Z [1m[92m  Downloaded[0m memoffset v0.9.1
2026-01-28T09:59:53.3121982Z [1m[92m  Downloaded[0m crossbeam-deque v0.8.6
2026-01-28T09:59:53.3135352Z [1m[92m  Downloaded[0m pyo3-build-config v0.20.3
2026-01-28T09:59:53.3147901Z [1m[92m  Downloaded[0m num-traits v0.2.19
2026-01-28T09:59:53.3173450Z [1m[92m  Downloaded[0m libc v0.2.180
2026-01-28T09:59:53.3570722Z [1m[92m  Downloaded[0m is-terminal v0.4.17
2026-01-28T09:59:53.3578870Z [1m[92m  Downloaded[0m clap_lex v0.7.7
2026-01-28T09:59:53.3588965Z [1m[92m  Downloaded[0m parking_lot v0.12.5
2026-01-28T09:59:53.3612690Z [1m[92m  Downloaded[0m oorandom v11.1.5
2026-01-28T09:59:53.3621658Z [1m[92m  Downloaded[0m itoa v1.0.17
2026-01-28T09:59:53.3634993Z [1m[92m  Downloaded[0m half v2.7.1
2026-01-28T09:59:53.3660764Z [1m[92m  Downloaded[0m crossbeam-utils v0.8.21
2026-01-28T09:59:53.3685844Z [1m[92m  Downloaded[0m crossbeam-epoch v0.9.18
2026-01-28T09:59:53.3708663Z [1m[92m  Downloaded[0m num-complex v0.4.6
2026-01-28T09:59:53.3722350Z [1m[92m  Downloaded[0m lock_api v0.4.14
2026-01-28T09:59:53.3734276Z [1m[92m  Downloaded[0m indoc v2.0.7
2026-01-28T09:59:53.3762732Z [1m[92m  Downloaded[0m criterion-plot v0.5.0
2026-01-28T09:59:53.3778772Z [1m[92m  Downloaded[0m anstyle v1.0.13
2026-01-28T09:59:53.3792284Z [1m[92m  Downloaded[0m clap v4.5.54
2026-01-28T09:59:53.3887267Z [1m[92m  Downloaded[0m autocfg v1.5.0
2026-01-28T09:59:53.3905053Z [1m[92m  Downloaded[0m approx v0.5.1
2026-01-28T09:59:53.3921786Z [1m[92m  Downloaded[0m aho-corasick v1.1.4
2026-01-28T09:59:53.3972835Z [1m[92m  Downloaded[0m cfg-if v1.0.4
2026-01-28T09:59:53.4304354Z [1m[92m   Compiling[0m proc-macro2 v1.0.106
2026-01-28T09:59:53.4305202Z [1m[92m   Compiling[0m unicode-ident v1.0.22
2026-01-28T09:59:53.4305937Z [1m[92m   Compiling[0m quote v1.0.44
2026-01-28T09:59:53.4306634Z [1m[92m   Compiling[0m autocfg v1.5.0
2026-01-28T09:59:53.4900271Z [1m[92m   Compiling[0m target-lexicon v0.12.16
2026-01-28T09:59:53.6912414Z [1m[92m   Compiling[0m once_cell v1.21.3
2026-01-28T09:59:53.7826629Z [1m[92m   Compiling[0m num-traits v0.2.19
2026-01-28T09:59:53.8334577Z [1m[92m   Compiling[0m libc v0.2.180
2026-01-28T09:59:53.9451888Z [1m[92m   Compiling[0m cfg-if v1.0.4
2026-01-28T09:59:54.0557332Z [1m[92m   Compiling[0m pyo3-build-config v0.20.3
2026-01-28T09:59:54.5642410Z [1m[92m   Compiling[0m syn v2.0.114
2026-01-28T09:59:54.6902000Z [1m[92m   Compiling[0m crossbeam-utils v0.8.21
2026-01-28T09:59:54.8608998Z [1m[92m   Compiling[0m serde_core v1.0.228
2026-01-28T09:59:55.4358618Z [1m[92m   Compiling[0m pyo3-ffi v0.20.3
2026-01-28T09:59:55.4568788Z [1m[92m   Compiling[0m zerocopy v0.8.34
2026-01-28T09:59:55.5893962Z [1m[92m   Compiling[0m parking_lot_core v0.9.12
2026-01-28T09:59:55.7018692Z [1m[92m   Compiling[0m serde v1.0.228
2026-01-28T09:59:55.7397216Z [1m[92m   Compiling[0m crossbeam-epoch v0.9.18
2026-01-28T09:59:55.8982366Z [1m[92m   Compiling[0m matrixmultiply v0.3.10
2026-01-28T09:59:55.9987937Z [1m[92m   Compiling[0m memoffset v0.9.1
2026-01-28T09:59:56.0173224Z [1m[92m   Compiling[0m heck v0.4.1
2026-01-28T09:59:56.0939848Z [1m[92m   Compiling[0m scopeguard v1.2.0
2026-01-28T09:59:56.1345254Z [1m[92m   Compiling[0m portable-atomic v1.13.0
2026-01-28T09:59:56.1602870Z [1m[92m   Compiling[0m zmij v1.0.17
2026-01-28T09:59:56.3073969Z [1m[92m   Compiling[0m rayon-core v1.13.0
2026-01-28T09:59:56.3929960Z [1m[92m   Compiling[0m smallvec v1.15.1
2026-01-28T09:59:56.4444458Z [1m[92m   Compiling[0m either v1.15.0
2026-01-28T09:59:56.6705793Z [1m[92m   Compiling[0m lock_api v0.4.14
2026-01-28T09:59:56.7894858Z [1m[92m   Compiling[0m crossbeam-deque v0.8.6
2026-01-28T09:59:56.8562768Z [1m[92m   Compiling[0m pyo3 v0.20.3
2026-01-28T09:59:56.9180364Z [1m[92m   Compiling[0m rawpointer v0.2.1
2026-01-28T09:59:56.9560554Z [1m[92m   Compiling[0m serde_json v1.0.149
2026-01-28T09:59:57.3543666Z [1m[92m   Compiling[0m parking_lot v0.12.5
2026-01-28T09:59:57.7415370Z [1m[92m   Compiling[0m pyo3-macros-backend v0.20.3
2026-01-28T09:59:58.3890729Z [1m[92m   Compiling[0m num-integer v0.1.46
2026-01-28T09:59:58.4060569Z [1m[92m   Compiling[0m num-complex v0.4.6
2026-01-28T09:59:58.6877507Z [1m[92m   Compiling[0m ciborium-io v0.2.2
2026-01-28T09:59:58.7240035Z [1m[92m   Compiling[0m plotters-backend v0.3.7
2026-01-28T09:59:58.8022108Z [1m[92m   Compiling[0m memchr v2.7.6
2026-01-28T09:59:58.9263139Z [1m[92m   Compiling[0m indoc v2.0.7
2026-01-28T09:59:59.1068843Z [1m[92m   Compiling[0m serde_derive v1.0.228
2026-01-28T09:59:59.1919039Z [1m[92m   Compiling[0m zerocopy-derive v0.8.34
2026-01-28T09:59:59.5245212Z [1m[92m   Compiling[0m regex-syntax v0.8.8
2026-01-28T10:00:00.4577316Z [1m[92m   Compiling[0m pyo3-macros v0.20.3
2026-01-28T10:00:00.7382878Z [1m[92m   Compiling[0m unindent v0.2.4
2026-01-28T10:00:00.8277746Z [1m[92m   Compiling[0m thiserror v1.0.69
2026-01-28T10:00:00.9982401Z [1m[92m   Compiling[0m clap_lex v0.7.7
2026-01-28T10:00:01.1624693Z [1m[92m   Compiling[0m anstyle v1.0.13
2026-01-28T10:00:01.3227233Z [1m[92m   Compiling[0m itoa v1.0.17
2026-01-28T10:00:01.8860277Z [1m[92m   Compiling[0m clap_builder v4.5.54
2026-01-28T10:00:02.7669574Z [1m[92m   Compiling[0m regex-automata v0.4.13
2026-01-28T10:00:03.0203091Z [1m[92m   Compiling[0m half v2.7.1
2026-01-28T10:00:03.2618989Z [1m[92m   Compiling[0m ciborium-ll v0.2.2
2026-01-28T10:00:03.4071646Z [1m[92m   Compiling[0m thiserror-impl v1.0.69
2026-01-28T10:00:04.4637956Z [1m[92m   Compiling[0m plotters-svg v0.3.7
2026-01-28T10:00:04.6046376Z [1m[92m   Compiling[0m ndarray v0.15.6
2026-01-28T10:00:05.2088566Z [1m[92m   Compiling[0m rayon v1.11.0
2026-01-28T10:00:05.4580639Z [1m[92m   Compiling[0m itertools v0.10.5
2026-01-28T10:00:06.6382946Z [1m[92m   Compiling[0m cast v0.3.0
2026-01-28T10:00:06.6560023Z [1m[92m   Compiling[0m rustc-hash v1.1.0
2026-01-28T10:00:06.6998721Z [1m[92m   Compiling[0m same-file v1.0.6
2026-01-28T10:00:06.7648550Z [1m[92m   Compiling[0m walkdir v2.5.0
2026-01-28T10:00:06.7934126Z [1m[92m   Compiling[0m criterion-plot v0.5.0
2026-01-28T10:00:07.0590033Z [1m[92m   Compiling[0m plotters v0.3.7
2026-01-28T10:00:07.2291782Z [1m[92m   Compiling[0m numpy v0.20.0
2026-01-28T10:00:07.2758067Z [1m[92m   Compiling[0m regex v1.12.2
2026-01-28T10:00:07.2805174Z [1m[92m   Compiling[0m clap v4.5.54
2026-01-28T10:00:07.3110238Z [1m[92m   Compiling[0m ciborium v0.2.2
2026-01-28T10:00:07.7184435Z [1m[92m   Compiling[0m tinytemplate v1.2.1
2026-01-28T10:00:07.9091523Z [1m[92m   Compiling[0m is-terminal v0.4.17
2026-01-28T10:00:07.9482815Z [1m[92m   Compiling[0m anes v0.1.6
2026-01-28T10:00:08.1136553Z [1m[92m   Compiling[0m oorandom v11.1.5
2026-01-28T10:00:08.1294643Z [1m[92m   Compiling[0m approx v0.5.1
2026-01-28T10:00:08.1710596Z [1m[92m   Compiling[0m criterion v0.5.1
2026-01-28T10:00:08.2546263Z [1m[92m   Compiling[0m raptorbt v0.1.0 (/home/runner/work/raptorbt/raptorbt)
2026-01-28T10:00:11.0095866Z [1m[91merror[E0433][0m[1m: failed to resolve: use of undeclared type `Direction`[0m
2026-01-28T10:00:11.0098292Z    [1m[94m--> [0msrc/strategies/basket.rs:426:24
2026-01-28T10:00:11.0100459Z     [1m[94m|[0m
2026-01-28T10:00:11.0147812Z [1m[94m426[0m [1m[94m|[0m             direction: Direction::Long,
2026-01-28T10:00:11.0148805Z     [1m[94m|[0m                        [1m[91m^^^^^^^^^[0m [1m[91muse of undeclared type `Direction`[0m
2026-01-28T10:00:11.0149671Z     [1m[94m|[0m
2026-01-28T10:00:11.0150525Z [1m[96mhelp[0m: consider importing this enum through its public re-export
2026-01-28T10:00:11.0151163Z     [1m[94m|[0m
2026-01-28T10:00:11.0151754Z [1m[94m388[0m [92m+ [0m    [92muse crate::core::Direction;[0m
2026-01-28T10:00:11.0152290Z     [1m[94m|[0m
2026-01-28T10:00:11.0152466Z 
2026-01-28T10:00:11.0152930Z [1m[91merror[E0433][0m[1m: failed to resolve: use of undeclared type `Direction`[0m
2026-01-28T10:00:11.0153652Z    [1m[94m--> [0msrc/strategies/basket.rs:435:24
2026-01-28T10:00:11.0154096Z     [1m[94m|[0m
2026-01-28T10:00:11.0154661Z [1m[94m435[0m [1m[94m|[0m             direction: Direction::Long,
2026-01-28T10:00:11.0155510Z     [1m[94m|[0m                        [1m[91m^^^^^^^^^[0m [1m[91muse of undeclared type `Direction`[0m
2026-01-28T10:00:11.0156145Z     [1m[94m|[0m
2026-01-28T10:00:11.0156734Z [1m[96mhelp[0m: consider importing this enum through its public re-export
2026-01-28T10:00:11.0157358Z     [1m[94m|[0m
2026-01-28T10:00:11.0157915Z [1m[94m388[0m [92m+ [0m    [92muse crate::core::Direction;[0m
2026-01-28T10:00:11.0158458Z     [1m[94m|[0m
2026-01-28T10:00:11.0158645Z 
2026-01-28T10:00:11.0159249Z [1m[91merror[E0433][0m[1m: failed to resolve: use of undeclared type `Direction`[0m
2026-01-28T10:00:11.0160159Z    [1m[94m--> [0msrc/strategies/multi.rs:352:24
2026-01-28T10:00:11.0160626Z     [1m[94m|[0m
2026-01-28T10:00:11.0161203Z [1m[94m352[0m [1m[94m|[0m             direction: Direction::Long,
2026-01-28T10:00:11.0162050Z     [1m[94m|[0m                        [1m[91m^^^^^^^^^[0m [1m[91muse of undeclared type `Direction`[0m
2026-01-28T10:00:11.0162691Z     [1m[94m|[0m
2026-01-28T10:00:11.0163268Z [1m[96mhelp[0m: consider importing this enum through its public re-export
2026-01-28T10:00:11.0163893Z     [1m[94m|[0m
2026-01-28T10:00:11.0164445Z [1m[94m321[0m [92m+ [0m    [92muse crate::core::Direction;[0m
2026-01-28T10:00:11.0164973Z     [1m[94m|[0m
2026-01-28T10:00:11.0165145Z 
2026-01-28T10:00:11.0165609Z [1m[91merror[E0433][0m[1m: failed to resolve: use of undeclared type `Direction`[0m
2026-01-28T10:00:11.0166359Z    [1m[94m--> [0msrc/strategies/multi.rs:361:24
2026-01-28T10:00:11.0166831Z     [1m[94m|[0m
2026-01-28T10:00:11.0167386Z [1m[94m361[0m [1m[94m|[0m             direction: Direction::Long,
2026-01-28T10:00:11.0168236Z     [1m[94m|[0m                        [1m[91m^^^^^^^^^[0m [1m[91muse of undeclared type `Direction`[0m
2026-01-28T10:00:11.0168883Z     [1m[94m|[0m
2026-01-28T10:00:11.0169696Z [1m[96mhelp[0m: consider importing this enum through its public re-export
2026-01-28T10:00:11.0170332Z     [1m[94m|[0m
2026-01-28T10:00:11.0170915Z [1m[94m321[0m [92m+ [0m    [92muse crate::core::Direction;[0m
2026-01-28T10:00:11.0171450Z     [1m[94m|[0m
2026-01-28T10:00:11.0171622Z 
2026-01-28T10:00:11.2748931Z [1m[91merror[E0061][0m[1m: this method takes 8 arguments but 7 arguments were supplied[0m
2026-01-28T10:00:11.2750066Z    [1m[94m--> [0msrc/portfolio/position.rs:273:20
2026-01-28T10:00:11.2750528Z     [1m[94m|[0m
2026-01-28T10:00:11.2752011Z [1m[94m273[0m [1m[94m|[0m         assert!(pm.open_position(0, 1000, 100.0, 10.0, Direction::Long, None, None));
2026-01-28T10:00:11.2753864Z     [1m[94m|[0m                    [1m[91m^^^^^^^^^^^^^[0m[1m[94m---------------------------------------------------[0m [1m[94margument #8 of type `f64` is missing[0m
2026-01-28T10:00:11.2755138Z     [1m[94m|[0m
2026-01-28T10:00:11.2755655Z [1m[92mnote[0m: method defined here
2026-01-28T10:00:11.2756375Z    [1m[94m--> [0msrc/portfolio/position.rs:55:12
2026-01-28T10:00:11.2756902Z     [1m[94m|[0m
2026-01-28T10:00:11.2757399Z  [1m[94m55[0m [1m[94m|[0m     pub fn open_position(
2026-01-28T10:00:11.2758074Z     [1m[94m|[0m            [1m[92m^^^^^^^^^^^^^[0m
2026-01-28T10:00:11.2758553Z [1m[94m...[0m
2026-01-28T10:00:11.2758983Z  [1m[94m64[0m [1m[94m|[0m         entry_fees: f64,
2026-01-28T10:00:11.2759971Z     [1m[94m|[0m         [1m[94m---------------[0m
2026-01-28T10:00:11.2760825Z [1m[96mhelp[0m: provide the argument
2026-01-28T10:00:11.2761435Z     [1m[94m|[0m
2026-01-28T10:00:11.2762623Z [1m[94m273[0m [1m[94m| [0m        assert!(pm.open_position(0, 1000, 100.0, 10.0, Direction::Long, None, None[92m, /* f64 */[0m));
2026-01-28T10:00:11.2764027Z     [1m[94m|[0m                                                                                   [92m+++++++++++[0m
2026-01-28T10:00:11.2764557Z 
2026-01-28T10:00:11.2800157Z [1m[91merror[E0061][0m[1m: this method takes 8 arguments but 7 arguments were supplied[0m
2026-01-28T10:00:11.2801345Z    [1m[94m--> [0msrc/portfolio/position.rs:277:21
2026-01-28T10:00:11.2802047Z     [1m[94m|[0m
2026-01-28T10:00:11.2803322Z [1m[94m277[0m [1m[94m|[0m         assert!(!pm.open_position(1, 1001, 101.0, 10.0, Direction::Long, None, None));
2026-01-28T10:00:11.2804381Z     [1m[94m|[0m                     [1m[91m^^^^^^^^^^^^^[0m[1m[94m---------------------------------------------------[0m [1m[94margument #8 of type `f64` is missing[0m
2026-01-28T10:00:11.2805035Z     [1m[94m|[0m
2026-01-28T10:00:11.2805321Z [1m[92mnote[0m: method defined here
2026-01-28T10:00:11.2805719Z    [1m[94m--> [0msrc/portfolio/position.rs:55:12
2026-01-28T10:00:11.2806099Z     [1m[94m|[0m
2026-01-28T10:00:11.2806388Z  [1m[94m55[0m [1m[94m|[0m     pub fn open_position(
2026-01-28T10:00:11.2806742Z     [1m[94m|[0m            [1m[92m^^^^^^^^^^^^^[0m
2026-01-28T10:00:11.2807015Z [1m[94m...[0m
2026-01-28T10:00:11.2807273Z  [1m[94m64[0m [1m[94m|[0m         entry_fees: f64,
2026-01-28T10:00:11.2807601Z     [1m[94m|[0m         [1m[94m---------------[0m
2026-01-28T10:00:11.2807906Z [1m[96mhelp[0m: provide the argument
2026-01-28T10:00:11.2808156Z     [1m[94m|[0m
2026-01-28T10:00:11.2808741Z [1m[94m277[0m [1m[94m| [0m        assert!(!pm.open_position(1, 1001, 101.0, 10.0, Direction::Long, None, None[92m, /* f64 */[0m));
2026-01-28T10:00:11.2809767Z     [1m[94m|[0m                                                                                    [92m+++++++++++[0m
2026-01-28T10:00:11.2810047Z 
2026-01-28T10:00:11.2864679Z [1m[91merror[E0061][0m[1m: this method takes 8 arguments but 7 arguments were supplied[0m
2026-01-28T10:00:11.2865359Z    [1m[94m--> [0msrc/portfolio/position.rs:298:12
2026-01-28T10:00:11.2865667Z     [1m[94m|[0m
2026-01-28T10:00:11.2866176Z [1m[94m298[0m [1m[94m|[0m         pm.open_position(0, 1000, 100.0, 10.0, Direction::Short, None, None);
2026-01-28T10:00:11.2867117Z     [1m[94m|[0m            [1m[91m^^^^^^^^^^^^^[0m[1m[94m----------------------------------------------------[0m [1m[94margument #8 of type `f64` is missing[0m
2026-01-28T10:00:11.2867743Z     [1m[94m|[0m
2026-01-28T10:00:11.2868025Z [1m[92mnote[0m: method defined here
2026-01-28T10:00:11.2868415Z    [1m[94m--> [0msrc/portfolio/position.rs:55:12
2026-01-28T10:00:11.2868774Z     [1m[94m|[0m
2026-01-28T10:00:11.2869267Z  [1m[94m55[0m [1m[94m|[0m     pub fn open_position(
2026-01-28T10:00:11.2869920Z     [1m[94m|[0m            [1m[92m^^^^^^^^^^^^^[0m
2026-01-28T10:00:11.2870263Z [1m[94m...[0m
2026-01-28T10:00:11.2870570Z  [1m[94m64[0m [1m[94m|[0m         entry_fees: f64,
2026-01-28T10:00:11.2870980Z     [1m[94m|[0m         [1m[94m---------------[0m
2026-01-28T10:00:11.2871351Z [1m[96mhelp[0m: provide the argument
2026-01-28T10:00:11.2871665Z     [1m[94m|[0m
2026-01-28T10:00:11.2872415Z [1m[94m298[0m [1m[94m| [0m        pm.open_position(0, 1000, 100.0, 10.0, Direction::Short, None, None[92m, /* f64 */[0m);
2026-01-28T10:00:11.2873182Z     [1m[94m|[0m                                                                            [92m+++++++++++[0m
2026-01-28T10:00:11.2873503Z 
2026-01-28T10:00:11.2924940Z [1m[91merror[E0061][0m[1m: this method takes 8 arguments but 7 arguments were supplied[0m
2026-01-28T10:00:11.2925785Z    [1m[94m--> [0msrc/portfolio/position.rs:314:12
2026-01-28T10:00:11.2926147Z     [1m[94m|[0m
2026-01-28T10:00:11.2926655Z [1m[94m314[0m [1m[94m|[0m           pm.open_position(
2026-01-28T10:00:11.2927101Z     [1m[94m|[0m [1m[94m ____________[0m[1m[91m^^^^^^^^^^^^^[0m[1m[94m-[0m
2026-01-28T10:00:11.2927520Z [1m[94m315[0m [1m[94m|[0m [1m[94m|[0m             0,
2026-01-28T10:00:11.2927889Z [1m[94m316[0m [1m[94m|[0m [1m[94m|[0m             1000,
2026-01-28T10:00:11.2928269Z [1m[94m317[0m [1m[94m|[0m [1m[94m|[0m             100.0,
2026-01-28T10:00:11.2928585Z [1m[94m...[0m   [1m[94m|[0m
2026-01-28T10:00:11.2928892Z [1m[94m321[0m [1m[94m|[0m [1m[94m|[0m             None,
2026-01-28T10:00:11.2929422Z [1m[94m322[0m [1m[94m|[0m [1m[94m|[0m         );
2026-01-28T10:00:11.2929953Z     [1m[94m|[0m [1m[94m|_________-[0m [1m[94margument #8 of type `f64` is missing[0m
2026-01-28T10:00:11.2930323Z     [1m[94m|[0m
2026-01-28T10:00:11.2930545Z [1m[92mnote[0m: method defined here
2026-01-28T10:00:11.2930871Z    [1m[94m--> [0msrc/portfolio/position.rs:55:12
2026-01-28T10:00:11.2931159Z     [1m[94m|[0m
2026-01-28T10:00:11.2931424Z  [1m[94m55[0m [1m[94m|[0m     pub fn open_position(
2026-01-28T10:00:11.2931759Z     [1m[94m|[0m            [1m[92m^^^^^^^^^^^^^[0m
2026-01-28T10:00:11.2932033Z [1m[94m...[0m
2026-01-28T10:00:11.2932280Z  [1m[94m64[0m [1m[94m|[0m         entry_fees: f64,
2026-01-28T10:00:11.2932611Z     [1m[94m|[0m         [1m[94m---------------[0m
2026-01-28T10:00:11.2932914Z [1m[96mhelp[0m: provide the argument
2026-01-28T10:00:11.2933166Z     [1m[94m|[0m
2026-01-28T10:00:11.2933448Z [1m[94m314[0m [92m~ [0m        pm.open_position[92m([0m
2026-01-28T10:00:11.2933773Z [1m[94m315[0m [92m+             0,[0m
2026-01-28T10:00:11.2934056Z [1m[94m316[0m [92m+             1000,[0m
2026-01-28T10:00:11.2934336Z [1m[94m317[0m [92m+             100.0,[0m
2026-01-28T10:00:11.2934623Z [1m[94m318[0m [92m+             10.0,[0m
2026-01-28T10:00:11.2934996Z [1m[94m319[0m [92m+             Direction::Long,[0m
2026-01-28T10:00:11.2935339Z [1m[94m320[0m [92m+             Some(95.0),[0m
2026-01-28T10:00:11.2935636Z [1m[94m321[0m [92m+             None,[0m
2026-01-28T10:00:11.2935922Z [1m[94m322[0m [92m+             /* f64 */,[0m
2026-01-28T10:00:11.2936209Z [1m[94m323[0m [92m~         )[0m;
2026-01-28T10:00:11.2936444Z     [1m[94m|[0m
2026-01-28T10:00:11.2936561Z 
2026-01-28T10:00:11.2983882Z [1m[91merror[E0061][0m[1m: this method takes 8 arguments but 7 arguments were supplied[0m
2026-01-28T10:00:11.2984735Z    [1m[94m--> [0msrc/portfolio/position.rs:335:12
2026-01-28T10:00:11.2985087Z     [1m[94m|[0m
2026-01-28T10:00:11.2985704Z [1m[94m335[0m [1m[94m|[0m         pm.open_position(0, 1000, 100.0, 10.0, Direction::Long, None, None);
2026-01-28T10:00:11.2986649Z     [1m[94m|[0m            [1m[91m^^^^^^^^^^^^^[0m[1m[94m---------------------------------------------------[0m [1m[94margument #8 of type `f64` is missing[0m
2026-01-28T10:00:11.2987211Z     [1m[94m|[0m
2026-01-28T10:00:11.2987582Z [1m[92mnote[0m: method defined here
2026-01-28T10:00:11.2987901Z    [1m[94m--> [0msrc/portfolio/position.rs:55:12
2026-01-28T10:00:11.2988200Z     [1m[94m|[0m
2026-01-28T10:00:11.2988469Z  [1m[94m55[0m [1m[94m|[0m     pub fn open_position(
2026-01-28T10:00:11.2988815Z     [1m[94m|[0m            [1m[92m^^^^^^^^^^^^^[0m
2026-01-28T10:00:11.2989256Z [1m[94m...[0m
2026-01-28T10:00:11.2989524Z  [1m[94m64[0m [1m[94m|[0m         entry_fees: f64,
2026-01-28T10:00:11.2989854Z     [1m[94m|[0m         [1m[94m---------------[0m
2026-01-28T10:00:11.2990168Z [1m[96mhelp[0m: provide the argument
2026-01-28T10:00:11.2990417Z     [1m[94m|[0m
2026-01-28T10:00:11.2990949Z [1m[94m335[0m [1m[94m| [0m        pm.open_position(0, 1000, 100.0, 10.0, Direction::Long, None, None[92m, /* f64 */[0m);
2026-01-28T10:00:11.2991708Z     [1m[94m|[0m                                                                           [92m+++++++++++[0m
2026-01-28T10:00:11.2991977Z 
2026-01-28T10:00:11.3038882Z [1m[91merror[E0061][0m[1m: this method takes 8 arguments but 7 arguments were supplied[0m
2026-01-28T10:00:11.3040069Z    [1m[94m--> [0msrc/portfolio/position.rs:356:12
2026-01-28T10:00:11.3040431Z     [1m[94m|[0m
2026-01-28T10:00:11.3041045Z [1m[94m356[0m [1m[94m|[0m         pm.open_position(0, 1000, 100.0, 10.0, Direction::Long, None, None);
2026-01-28T10:00:11.3042004Z     [1m[94m|[0m            [1m[91m^^^^^^^^^^^^^[0m[1m[94m---------------------------------------------------[0m [1m[94margument #8 of type `f64` is missing[0m
2026-01-28T10:00:11.3042617Z     [1m[94m|[0m
2026-01-28T10:00:11.3042889Z [1m[92mnote[0m: method defined here
2026-01-28T10:00:11.3043272Z    [1m[94m--> [0msrc/portfolio/position.rs:55:12
2026-01-28T10:00:11.3043618Z     [1m[94m|[0m
2026-01-28T10:00:11.3043936Z  [1m[94m55[0m [1m[94m|[0m     pub fn open_position(
2026-01-28T10:00:11.3044378Z     [1m[94m|[0m            [1m[92m^^^^^^^^^^^^^[0m
2026-01-28T10:00:11.3044718Z [1m[94m...[0m
2026-01-28T10:00:11.3045035Z  [1m[94m64[0m [1m[94m|[0m         entry_fees: f64,
2026-01-28T10:00:11.3045450Z     [1m[94m|[0m         [1m[94m---------------[0m
2026-01-28T10:00:11.3045819Z [1m[96mhelp[0m: provide the argument
2026-01-28T10:00:11.3046133Z     [1m[94m|[0m
2026-01-28T10:00:11.3046787Z [1m[94m356[0m [1m[94m| [0m        pm.open_position(0, 1000, 100.0, 10.0, Direction::Long, None, None[92m, /* f64 */[0m);
2026-01-28T10:00:11.3047397Z     [1m[94m|[0m                                                                           [92m+++++++++++[0m
2026-01-28T10:00:11.3047652Z 
2026-01-28T10:00:11.8597323Z [1mSome errors have detailed explanations: E0061, E0433.[0m
2026-01-28T10:00:11.8597957Z [1mFor more information about an error, try `rustc --explain E0061`.[0m
2026-01-28T10:00:11.8658282Z [1m[91merror[0m: could not compile `raptorbt` (lib test) due to 10 previous errors
2026-01-28T10:00:11.8958809Z ##[error]Process completed with exit code 101.
2026-01-28T10:00:11.9064566Z Post job cleanup.
2026-01-28T10:00:11.9985483Z [command]/usr/bin/git version
2026-01-28T10:00:12.0020702Z git version 2.52.0
2026-01-28T10:00:12.0062535Z Temporarily overriding HOME='/home/runner/work/_temp/3307f763-92cd-4388-96eb-b5388b63a873' before making global git config changes
2026-01-28T10:00:12.0063387Z Adding repository directory to the temporary git global config as a safe directory
2026-01-28T10:00:12.0074508Z [command]/usr/bin/git config --global --add safe.directory /home/runner/work/raptorbt/raptorbt
2026-01-28T10:00:12.0107691Z [command]/usr/bin/git config --local --name-only --get-regexp core\.sshCommand
2026-01-28T10:00:12.0139648Z [command]/usr/bin/git submodule foreach --recursive sh -c "git config --local --name-only --get-regexp 'core\.sshCommand' && git config --local --unset-all 'core.sshCommand' || :"
2026-01-28T10:00:12.0363734Z [command]/usr/bin/git config --local --name-only --get-regexp http\.https\:\/\/github\.com\/\.extraheader
2026-01-28T10:00:12.0383883Z http.https://github.com/.extraheader
2026-01-28T10:00:12.0396759Z [command]/usr/bin/git config --local --unset-all http.https://github.com/.extraheader
2026-01-28T10:00:12.0426311Z [command]/usr/bin/git submodule foreach --recursive sh -c "git config --local --name-only --get-regexp 'http\.https\:\/\/github\.com\/\.extraheader' && git config --local --unset-all 'http.https://github.com/.extraheader' || :"
2026-01-28T10:00:12.0646146Z [command]/usr/bin/git config --local --name-only --get-regexp ^includeIf\.gitdir:
2026-01-28T10:00:12.0677320Z [command]/usr/bin/git submodule foreach --recursive git config --local --show-origin --name-only --get-regexp remote.origin.url
2026-01-28T10:00:12.1001395Z Cleaning up orphan processes